
Memory Configuration

Name             Origin             Length             Attributes
flash            0x00000000         0x20000000         xr
sram             0x20000000         0x20000000         xrw
*default*        0x00000000         0xffffffff

Linker script and memory map


.text           0x00000000      0x1a4
 *(.vectors*)
 .vectors       0x00000000       0x1c startup.o
                0x00000000                vectors
 *(.text*)
 .text          0x0000001c       0xcc main.o
                0x0000001c                main
 .text          0x000000e8       0xbc startup.o
                0x000000e8                H_Fault_Handler
                0x000000e8                MM_fault_Handler
                0x000000e8                Bus_Handler
                0x000000e8                Default_Handler
                0x000000e8                Usage_Fault_Handler
                0x000000e8                NMI_Handler
                0x000000f4                Reset_Handler
 *(.rodata)
                0x000001a4                _E_text = .

.glue_7         0x000001a4        0x0
 .glue_7        0x00000000        0x0 linker stubs

.glue_7t        0x000001a4        0x0
 .glue_7t       0x00000000        0x0 linker stubs

.vfp11_veneer   0x000001a4        0x0
 .vfp11_veneer  0x00000000        0x0 linker stubs

.v4_bx          0x000001a4        0x0
 .v4_bx         0x00000000        0x0 linker stubs

.iplt           0x000001a4        0x0
 .iplt          0x00000000        0x0 main.o

.rel.dyn        0x000001a4        0x0
 .rel.iplt      0x00000000        0x0 main.o

.data           0x20000000        0x0 load address 0x000001a4
                0x20000000                _S_DATA = .
 *(.data)
 .data          0x20000000        0x0 main.o
 .data          0x20000000        0x0 startup.o
                0x20000000                . = ALIGN (0x4)
                0x20000000                _E_DATA = .

.igot.plt       0x20000000        0x0 load address 0x000001a4
 .igot.plt      0x00000000        0x0 main.o

.bss            0x20000000      0x400 load address 0x000001a4
                0x20000000                _S_bss = .
 *(.bss)
 .bss           0x20000000        0x0 main.o
 .bss           0x20000000      0x400 startup.o
                0x20000400                _E_bss = .
LOAD main.o
LOAD startup.o
OUTPUT(lab3_cortex_m4.elf elf32-littlearm)

.debug_info     0x00000000      0x1f1
 .debug_info    0x00000000       0x65 main.o
 .debug_info    0x00000065      0x18c startup.o

.debug_abbrev   0x00000000      0x12a
 .debug_abbrev  0x00000000       0x5a main.o
 .debug_abbrev  0x0000005a       0xd0 startup.o

.debug_loc      0x00000000       0x9c
 .debug_loc     0x00000000       0x38 main.o
 .debug_loc     0x00000038       0x64 startup.o

.debug_aranges  0x00000000       0x40
 .debug_aranges
                0x00000000       0x20 main.o
 .debug_aranges
                0x00000020       0x20 startup.o

.debug_line     0x00000000       0xc8
 .debug_line    0x00000000       0x61 main.o
 .debug_line    0x00000061       0x67 startup.o

.debug_str      0x00000000      0x12d
 .debug_str     0x00000000       0x55 main.o
                                 0x67 (size before relaxing)
 .debug_str     0x00000055       0xd8 startup.o
                                0x14e (size before relaxing)

.comment        0x00000000       0x11
 .comment       0x00000000       0x11 main.o
                                 0x12 (size before relaxing)
 .comment       0x00000000       0x12 startup.o

.ARM.attributes
                0x00000000       0x33
 .ARM.attributes
                0x00000000       0x33 main.o
 .ARM.attributes
                0x00000033       0x33 startup.o

.debug_frame    0x00000000       0x78
 .debug_frame   0x00000000       0x2c main.o
 .debug_frame   0x0000002c       0x4c startup.o
