Archive member included to satisfy reference by file (symbol)

C:/ST/STM32CubeIDE_1.4.0/STM32CubeIDE/plugins/com.st.stm32cube.ide.mcu.externaltools.gnu-tools-for-stm32.11.3.rel1.win32_1.1.100.202309141235/tools/bin/../lib/gcc/arm-none-eabi/11.3.1/../../../../arm-none-eabi/lib/thumb/v7-m/nofp\libc_nano.a(libc_a-exit.o)
                              C:/ST/STM32CubeIDE_1.4.0/STM32CubeIDE/plugins/com.st.stm32cube.ide.mcu.externaltools.gnu-tools-for-stm32.11.3.rel1.win32_1.1.100.202309141235/tools/bin/../lib/gcc/arm-none-eabi/11.3.1/../../../../arm-none-eabi/lib/thumb/v7-m/nofp/crt0.o (exit)
C:/ST/STM32CubeIDE_1.4.0/STM32CubeIDE/plugins/com.st.stm32cube.ide.mcu.externaltools.gnu-tools-for-stm32.11.3.rel1.win32_1.1.100.202309141235/tools/bin/../lib/gcc/arm-none-eabi/11.3.1/../../../../arm-none-eabi/lib/thumb/v7-m/nofp\libc_nano.a(libc_a-findfp.o)
                              C:/ST/STM32CubeIDE_1.4.0/STM32CubeIDE/plugins/com.st.stm32cube.ide.mcu.externaltools.gnu-tools-for-stm32.11.3.rel1.win32_1.1.100.202309141235/tools/bin/../lib/gcc/arm-none-eabi/11.3.1/../../../../arm-none-eabi/lib/thumb/v7-m/nofp\libc_nano.a(libc_a-exit.o) (__stdio_exit_handler)
C:/ST/STM32CubeIDE_1.4.0/STM32CubeIDE/plugins/com.st.stm32cube.ide.mcu.externaltools.gnu-tools-for-stm32.11.3.rel1.win32_1.1.100.202309141235/tools/bin/../lib/gcc/arm-none-eabi/11.3.1/../../../../arm-none-eabi/lib/thumb/v7-m/nofp\libc_nano.a(libc_a-fwalk.o)
                              C:/ST/STM32CubeIDE_1.4.0/STM32CubeIDE/plugins/com.st.stm32cube.ide.mcu.externaltools.gnu-tools-for-stm32.11.3.rel1.win32_1.1.100.202309141235/tools/bin/../lib/gcc/arm-none-eabi/11.3.1/../../../../arm-none-eabi/lib/thumb/v7-m/nofp\libc_nano.a(libc_a-findfp.o) (_fwalk_sglue)
C:/ST/STM32CubeIDE_1.4.0/STM32CubeIDE/plugins/com.st.stm32cube.ide.mcu.externaltools.gnu-tools-for-stm32.11.3.rel1.win32_1.1.100.202309141235/tools/bin/../lib/gcc/arm-none-eabi/11.3.1/../../../../arm-none-eabi/lib/thumb/v7-m/nofp\libc_nano.a(libc_a-stdio.o)
                              C:/ST/STM32CubeIDE_1.4.0/STM32CubeIDE/plugins/com.st.stm32cube.ide.mcu.externaltools.gnu-tools-for-stm32.11.3.rel1.win32_1.1.100.202309141235/tools/bin/../lib/gcc/arm-none-eabi/11.3.1/../../../../arm-none-eabi/lib/thumb/v7-m/nofp\libc_nano.a(libc_a-findfp.o) (__sread)
C:/ST/STM32CubeIDE_1.4.0/STM32CubeIDE/plugins/com.st.stm32cube.ide.mcu.externaltools.gnu-tools-for-stm32.11.3.rel1.win32_1.1.100.202309141235/tools/bin/../lib/gcc/arm-none-eabi/11.3.1/../../../../arm-none-eabi/lib/thumb/v7-m/nofp\libc_nano.a(libc_a-memset.o)
                              C:/ST/STM32CubeIDE_1.4.0/STM32CubeIDE/plugins/com.st.stm32cube.ide.mcu.externaltools.gnu-tools-for-stm32.11.3.rel1.win32_1.1.100.202309141235/tools/bin/../lib/gcc/arm-none-eabi/11.3.1/../../../../arm-none-eabi/lib/thumb/v7-m/nofp/crt0.o (memset)
C:/ST/STM32CubeIDE_1.4.0/STM32CubeIDE/plugins/com.st.stm32cube.ide.mcu.externaltools.gnu-tools-for-stm32.11.3.rel1.win32_1.1.100.202309141235/tools/bin/../lib/gcc/arm-none-eabi/11.3.1/../../../../arm-none-eabi/lib/thumb/v7-m/nofp\libc_nano.a(libc_a-closer.o)
                              C:/ST/STM32CubeIDE_1.4.0/STM32CubeIDE/plugins/com.st.stm32cube.ide.mcu.externaltools.gnu-tools-for-stm32.11.3.rel1.win32_1.1.100.202309141235/tools/bin/../lib/gcc/arm-none-eabi/11.3.1/../../../../arm-none-eabi/lib/thumb/v7-m/nofp\libc_nano.a(libc_a-stdio.o) (_close_r)
C:/ST/STM32CubeIDE_1.4.0/STM32CubeIDE/plugins/com.st.stm32cube.ide.mcu.externaltools.gnu-tools-for-stm32.11.3.rel1.win32_1.1.100.202309141235/tools/bin/../lib/gcc/arm-none-eabi/11.3.1/../../../../arm-none-eabi/lib/thumb/v7-m/nofp\libc_nano.a(libc_a-reent.o)
                              C:/ST/STM32CubeIDE_1.4.0/STM32CubeIDE/plugins/com.st.stm32cube.ide.mcu.externaltools.gnu-tools-for-stm32.11.3.rel1.win32_1.1.100.202309141235/tools/bin/../lib/gcc/arm-none-eabi/11.3.1/../../../../arm-none-eabi/lib/thumb/v7-m/nofp\libc_nano.a(libc_a-closer.o) (errno)
C:/ST/STM32CubeIDE_1.4.0/STM32CubeIDE/plugins/com.st.stm32cube.ide.mcu.externaltools.gnu-tools-for-stm32.11.3.rel1.win32_1.1.100.202309141235/tools/bin/../lib/gcc/arm-none-eabi/11.3.1/../../../../arm-none-eabi/lib/thumb/v7-m/nofp\libc_nano.a(libc_a-impure.o)
                              C:/ST/STM32CubeIDE_1.4.0/STM32CubeIDE/plugins/com.st.stm32cube.ide.mcu.externaltools.gnu-tools-for-stm32.11.3.rel1.win32_1.1.100.202309141235/tools/bin/../lib/gcc/arm-none-eabi/11.3.1/../../../../arm-none-eabi/lib/thumb/v7-m/nofp\libc_nano.a(libc_a-reent.o) (_impure_ptr)
C:/ST/STM32CubeIDE_1.4.0/STM32CubeIDE/plugins/com.st.stm32cube.ide.mcu.externaltools.gnu-tools-for-stm32.11.3.rel1.win32_1.1.100.202309141235/tools/bin/../lib/gcc/arm-none-eabi/11.3.1/../../../../arm-none-eabi/lib/thumb/v7-m/nofp\libc_nano.a(libc_a-lseekr.o)
[...]
Memory Configuration

Name             Origin             Length             Attributes
RAM              0x0000000020000000 0x0000000000005000 xrw
FLASH            0x0000000008000000 0x0000000000010000 xr
*default*        0x0000000000000000 0xffffffffffffffff

Linker script and memory map

LOAD C:/ST/STM32CubeIDE_1.4.0/STM32CubeIDE/plugins/com.st.stm32cube.ide.mcu.externaltools.gnu-tools-for-stm32.11.3.rel1.win32_1.1.100.202309141235/tools/bin/../lib/gcc/arm-none-eabi/11.3.1/thumb/v7-m/nofp/crti.o
LOAD C:/ST/STM32CubeIDE_1.4.0/STM32CubeIDE/plugins/com.st.stm32cube.ide.mcu.externaltools.gnu-tools-for-stm32.11.3.rel1.win32_1.1.100.202309141235/tools/bin/../lib/gcc/arm-none-eabi/11.3.1/thumb/v7-m/nofp/crtbegin.o
LOAD C:/ST/STM32CubeIDE_1.4.0/STM32CubeIDE/plugins/com.st.stm32cube.ide.mcu.externaltools.gnu-tools-for-stm32.11.3.rel1.win32_1.1.100.202309141235/tools/bin/../lib/gcc/arm-none-eabi/11.3.1/../../../../arm-none-eabi/lib/thumb/v7-m/nofp/crt0.o
LOAD ./HAL/I2C_Slave_EEPROM.o
LOAD ./Inc/stm32f103c8_EXTI.o
LOAD ./Inc/stm32f103c8_GPIO.o
LOAD ./Inc/stm32f103c8_I2C.o
LOAD ./Src/main.o
LOAD ./Src/syscalls.o
LOAD ./Src/sysmem.o
LOAD ./Startup/startup_stm32f103c8tx.o
START GROUP
LOAD C:/ST/STM32CubeIDE_1.4.0/STM32CubeIDE/plugins/com.st.stm32cube.ide.mcu.externaltools.gnu-tools-for-stm32.11.3.rel1.win32_1.1.100.202309141235/tools/bin/../lib/gcc/arm-none-eabi/11.3.1/../../../../arm-none-eabi/lib/thumb/v7-m/nofp\libc_nano.a
LOAD C:/ST/STM32CubeIDE_1.4.0/STM32CubeIDE/plugins/com.st.stm32cube.ide.mcu.externaltools.gnu-tools-for-stm32.11.3.rel1.win32_1.1.100.202309141235/tools/bin/../lib/gcc/arm-none-eabi/11.3.1/../../../../arm-none-eabi/lib/thumb/v7-m/nofp\libm.a
END GROUP
START GROUP
LOAD C:/ST/STM32CubeIDE_1.4.0/STM32CubeIDE/plugins/com.st.stm32cube.ide.mcu.externaltools.gnu-tools-for-stm32.11.3.rel1.win32_1.1.100.202309141235/tools/bin/../lib/gcc/arm-none-eabi/11.3.1/thumb/v7-m/nofp\libgcc.a
LOAD C:/ST/STM32CubeIDE_1.4.0/STM32CubeIDE/plugins/com.st.stm32cube.ide.mcu.externaltools.gnu-tools-for-stm32.11.3.rel1.win32_1.1.100.202309141235/tools/bin/../lib/gcc/arm-none-eabi/11.3.1/../../../../arm-none-eabi/lib/thumb/v7-m/nofp\libg_nano.a
LOAD C:/ST/STM32CubeIDE_1.4.0/STM32CubeIDE/plugins/com.st.stm32cube.ide.mcu.externaltools.gnu-tools-for-stm32.11.3.rel1.win32_1.1.100.202309141235/tools/bin/../lib/gcc/arm-none-eabi/11.3.1/../../../../arm-none-eabi/lib/thumb/v7-m/nofp\libc_nano.a
END GROUP
START GROUP
LOAD C:/ST/STM32CubeIDE_1.4.0/STM32CubeIDE/plugins/com.st.stm32cube.ide.mcu.externaltools.gnu-tools-for-stm32.11.3.rel1.win32_1.1.100.202309141235/tools/bin/../lib/gcc/arm-none-eabi/11.3.1/thumb/v7-m/nofp\libgcc.a
LOAD C:/ST/STM32CubeIDE_1.4.0/STM32CubeIDE/plugins/com.st.stm32cube.ide.mcu.externaltools.gnu-tools-for-stm32.11.3.rel1.win32_1.1.100.202309141235/tools/bin/../lib/gcc/arm-none-eabi/11.3.1/../../../../arm-none-eabi/lib/thumb/v7-m/nofp\libc_nano.a
LOAD C:/ST/STM32CubeIDE_1.4.0/STM32CubeIDE/plugins/com.st.stm32cube.ide.mcu.externaltools.gnu-tools-for-stm32.11.3.rel1.win32_1.1.100.202309141235/tools/bin/../lib/gcc/arm-none-eabi/11.3.1/../../../../arm-none-eabi/lib/thumb/v7-m/nofp\libnosys.a
END GROUP
START GROUP
LOAD C:/ST/STM32CubeIDE_1.4.0/STM32CubeIDE/plugins/com.st.stm32cube.ide.mcu.externaltools.gnu-tools-for-stm32.11.3.rel1.win32_1.1.100.202309141235/tools/bin/../lib/gcc/arm-none-eabi/11.3.1/thumb/v7-m/nofp\libgcc.a
LOAD C:/ST/STM32CubeIDE_1.4.0/STM32CubeIDE/plugins/com.st.stm32cube.ide.mcu.externaltools.gnu-tools-for-stm32.11.3.rel1.win32_1.1.100.202309141235/tools/bin/../lib/gcc/arm-none-eabi/11.3.1/../../../../arm-none-eabi/lib/thumb/v7-m/nofp\libc_nano.a
LOAD C:/ST/STM32CubeIDE_1.4.0/STM32CubeIDE/plugins/com.st.stm32cube.ide.mcu.externaltools.gnu-tools-for-stm32.11.3.rel1.win32_1.1.100.202309141235/tools/bin/../lib/gcc/arm-none-eabi/11.3.1/../../../../arm-none-eabi/lib/thumb/v7-m/nofp\libnosys.a
END GROUP
LOAD C:/ST/STM32CubeIDE_1.4.0/STM32CubeIDE/plugins/com.st.stm32cube.ide.mcu.externaltools.gnu-tools-for-stm32.11.3.rel1.win32_1.1.100.202309141235/tools/bin/../lib/gcc/arm-none-eabi/11.3.1/thumb/v7-m/nofp/crtend.o
LOAD C:/ST/STM32CubeIDE_1.4.0/STM32CubeIDE/plugins/com.st.stm32cube.ide.mcu.externaltools.gnu-tools-for-stm32.11.3.rel1.win32_1.1.100.202309141235/tools/bin/../lib/gcc/arm-none-eabi/11.3.1/thumb/v7-m/nofp/crtn.o
                0x0000000020005000                _estack = (ORIGIN (RAM) + LENGTH (RAM))
                0x0000000000000200                _Min_Heap_Size = 0x200
                0x0000000000000400                _Min_Stack_Size = 0x400

.isr_vector     0x0000000008000000      0x130
                0x0000000008000000                . = ALIGN (0x4)
 *(.isr_vector)
 .isr_vector    0x0000000008000000      0x130 ./Startup/startup_stm32f103c8tx.o
                0x0000000008000000                g_pfnVectors
                0x0000000008000130                . = ALIGN (0x4)

.text           0x0000000008000130      0xdb4
                0x0000000008000130                . = ALIGN (0x4)
 *(.text)
 .text          0x0000000008000130       0x40 C:/ST/STM32CubeIDE_1.4.0/STM32CubeIDE/plugins/com.st.stm32cube.ide.mcu.externaltools.gnu-tools-for-stm32.11.3.rel1.win32_1.1.100.202309141235/tools/bin/../lib/gcc/arm-none-eabi/11.3.1/thumb/v7-m/nofp/crtbegin.o
 *(.text*)
 .text.eeprom_Init
                0x0000000008000170       0x34 ./HAL/I2C_Slave_EEPROM.o
                0x0000000008000170                eeprom_Init
 .text.eeprom_write_Nbytes
                0x00000000080001a4       0xd8 ./HAL/I2C_Slave_EEPROM.o
                0x00000000080001a4                eeprom_write_Nbytes
 .text.eeprom_read_byte
                0x000000000800027c       0x54 ./HAL/I2C_Slave_EEPROM.o
                0x000000000800027c                eeprom_read_byte
 .text.EXTI0_IRQHandler
                0x00000000080002d0       0x24 ./Inc/stm32f103c8_EXTI.o
                0x00000000080002d0                EXTI0_IRQHandler
 .text.EXTI1_IRQHandler
                0x00000000080002f4       0x24 ./Inc/stm32f103c8_EXTI.o
                0x00000000080002f4                EXTI1_IRQHandler
 .text.EXTI2_IRQHandler
                0x0000000008000318       0x24 ./Inc/stm32f103c8_EXTI.o
                0x0000000008000318                EXTI2_IRQHandler
 .text.EXTI3_IRQHandler
                0x000000000800033c       0x24 ./Inc/stm32f103c8_EXTI.o
                0x000000000800033c                EXTI3_IRQHandler
 .text.EXTI4_IRQHandler
                0x0000000008000360       0x24 ./Inc/stm32f103c8_EXTI.o
                0x0000000008000360                EXTI4_IRQHandler
 .text.EXTI9_5_IRQHandler
                0x0000000008000384       0xa8 ./Inc/stm32f103c8_EXTI.o
                0x0000000008000384                EXTI9_5_IRQHandler
 .text.EXTI15_10_IRQHandler
                0x000000000800042c       0xc4 ./Inc/stm32f103c8_EXTI.o
                0x000000000800042c                EXTI15_10_IRQHandler
 .text.Get_CRLH_Position
                0x00000000080004f0      0x170 ./Inc/stm32f103c8_GPIO.o
                0x00000000080004f0                Get_CRLH_Position
 .text.MCAL_GPIO_Init
                0x0000000008000660       0xfa ./Inc/stm32f103c8_GPIO.o
                0x0000000008000660                MCAL_GPIO_Init
 *fill*         0x000000000800075a        0x2 
 .text.MCAL_I2C_Init
                0x000000000800075c      0x1a0 ./Inc/stm32f103c8_I2C.o
                0x000000000800075c                MCAL_I2C_Init
 .text.MCAL_I2C_GPIO_Set_Pins
                0x00000000080008fc       0x94 ./Inc/stm32f103c8_I2C.o
                0x00000000080008fc                MCAL_I2C_GPIO_Set_Pins
 .text.MCAL_I2C_MASTER_TX
                0x0000000008000990       0xbc ./Inc/stm32f103c8_I2C.o
                0x0000000008000990                MCAL_I2C_MASTER_TX
 .text.MCAL_I2C_MASTER_RX
                0x0000000008000a4c      0x100 ./Inc/stm32f103c8_I2C.o
                0x0000000008000a4c                MCAL_I2C_MASTER_RX
 .text.I2C_GenerateSTART
                0x0000000008000b4c       0x4e ./Inc/stm32f103c8_I2C.o
                0x0000000008000b4c                I2C_GenerateSTART
 *fill*         0x0000000008000b9a        0x2 
 .text.I2C_GetFlagStatus
                0x0000000008000b9c      0x10c ./Inc/stm32f103c8_I2C.o
                0x0000000008000b9c                I2C_GetFlagStatus
 .text.I2C_SendAddress
                0x0000000008000ca8       0x3e ./Inc/stm32f103c8_I2C.o
                0x0000000008000ca8                I2C_SendAddress
 .text.I2C_GenerateSTOP
                0x0000000008000ce6       0x36 ./Inc/stm32f103c8_I2C.o
                0x0000000008000ce6                I2C_GenerateSTOP
 .text.I2C_ACKnowledgeConfig
                0x0000000008000d1c       0x36 ./Inc/stm32f103c8_I2C.o
                0x0000000008000d1c                I2C_ACKnowledgeConfig
 .text.delay_ms
                0x0000000008000d52       0x34 ./Inc/stm32f103c8_I2C.o
                0x0000000008000d52                delay_ms
 *fill*         0x0000000008000d86        0x2 
 .text.main     0x0000000008000d88       0xa8 ./Src/main.o
                0x0000000008000d88                main
 .text.Reset_Handler
                0x0000000008000e30       0x50 ./Startup/startup_stm32f103c8tx.o
                0x0000000008000e30                Reset_Handler
 .text.Default_Handler
                0x0000000008000e80        0x2 ./Startup/startup_stm32f103c8tx.o
                0x0000000008000e80                TIM8_TRG_COM_IRQHandler
                0x0000000008000e80                TIM8_CC_IRQHandler
                0x0000000008000e80                DebugMon_Handler
                0x0000000008000e80                TIM1_CC_IRQHandler
                0x0000000008000e80                HardFault_Handler
                0x0000000008000e80                TIM6_IRQHandler
                0x0000000008000e80                SysTick_Handler
                0x0000000008000e80                PVD_IRQHandler
                0x0000000008000e80                SDIO_IRQHandler
                0x0000000008000e80                PendSV_Handler
                0x0000000008000e80                NMI_Handler
                0x0000000008000e80                USB_HP_CAN_TX_IRQHandler
                0x0000000008000e80                I2C2_EV_IRQHandler
                0x0000000008000e80                UsageFault_Handler
                0x0000000008000e80                ADC1_2_IRQHandler
                0x0000000008000e80                SPI1_IRQHandler
                0x0000000008000e80                CAN_SCE_IRQHandler
                0x0000000008000e80                TAMPER_IRQHandler
                0x0000000008000e80                TIM8_UP_IRQHandler
                0x0000000008000e80                DMA2_Channel2_IRQHandler
                0x0000000008000e80                DMA1_Channel4_IRQHandler
                0x0000000008000e80                USART3_IRQHandler
                0x0000000008000e80                RTC_IRQHandler
                0x0000000008000e80                DMA1_Channel7_IRQHandler
                0x0000000008000e80                UART5_IRQHandler
                0x0000000008000e80                ADC3_IRQHandler
                0x0000000008000e80                TIM4_IRQHandler
                0x0000000008000e80                CAN_RX1_IRQHandler
                0x0000000008000e80                DMA2_Channel1_IRQHandler
                0x0000000008000e80                I2C1_EV_IRQHandler
                0x0000000008000e80                DMA1_Channel6_IRQHandler
                0x0000000008000e80                UART4_IRQHandler
                0x0000000008000e80                TIM3_IRQHandler
                0x0000000008000e80                RCC_IRQHandler
                0x0000000008000e80                TIM1_TRG_COM_IRQHandler
                0x0000000008000e80                DMA1_Channel1_IRQHandler
                0x0000000008000e80                Default_Handler
                0x0000000008000e80                TIM7_IRQHandler
                0x0000000008000e80                TIM5_IRQHandler
                0x0000000008000e80                SPI2_IRQHandler
                0x0000000008000e80                USB_LP_CAN_RX0_IRQHandler
                0x0000000008000e80                MemManage_Handler
                0x0000000008000e80                SVC_Handler
                0x0000000008000e80                DMA1_Channel5_IRQHandler
                0x0000000008000e80                DMA1_Channel3_IRQHandler
                0x0000000008000e80                FSMC_IRQHandler
                0x0000000008000e80                TIM1_UP_IRQHandler
                0x0000000008000e80                WWDG_IRQHandler
                0x0000000008000e80                TIM2_IRQHandler
                0x0000000008000e80                TIM1_BRK_IRQHandler
                0x0000000008000e80                RTCAlarm_IRQHandler
                0x0000000008000e80                DMA2_Channel4_5_IRQHandler
                0x0000000008000e80                USART2_IRQHandler
                0x0000000008000e80                I2C2_ER_IRQHandler
                0x0000000008000e80                DMA1_Channel2_IRQHandler
                0x0000000008000e80                TIM8_BRK_IRQHandler
                0x0000000008000e80                FLASH_IRQHandler
                0x0000000008000e80                BusFault_Handler
                0x0000000008000e80                USART1_IRQHandler
                0x0000000008000e80                SPI3_IRQHandler
                0x0000000008000e80                I2C1_ER_IRQHandler
                0x0000000008000e80                DMA2_Channel3_IRQHandler
 *fill*         0x0000000008000e82        0x2 
 .text.__libc_init_array
                0x0000000008000e84       0x48 C:/ST/STM32CubeIDE_1.4.0/STM32CubeIDE/plugins/com.st.stm32cube.ide.mcu.externaltools.gnu-tools-for-stm32.11.3.rel1.win32_1.1.100.202309141235/tools/bin/../lib/gcc/arm-none-eabi/11.3.1/../../../../arm-none-eabi/lib/thumb/v7-m/nofp\libc_nano.a(libc_a-init.o)
                0x0000000008000e84                __libc_init_array
 *(.glue_7)
 .glue_7        0x0000000008000ecc        0x0 linker stubs
 *(.glue_7t)
 .glue_7t       0x0000000008000ecc        0x0 linker stubs
 *(.eh_frame)
 .eh_frame      0x0000000008000ecc        0x0 C:/ST/STM32CubeIDE_1.4.0/STM32CubeIDE/plugins/com.st.stm32cube.ide.mcu.externaltools.gnu-tools-for-stm32.11.3.rel1.win32_1.1.100.202309141235/tools/bin/../lib/gcc/arm-none-eabi/11.3.1/thumb/v7-m/nofp/crtbegin.o
 *(.init)
 .init          0x0000000008000ecc        0x4 C:/ST/STM32CubeIDE_1.4.0/STM32CubeIDE/plugins/com.st.stm32cube.ide.mcu.externaltools.gnu-tools-for-stm32.11.3.rel1.win32_1.1.100.202309141235/tools/bin/../lib/gcc/arm-none-eabi/11.3.1/thumb/v7-m/nofp/crti.o
                0x0000000008000ecc                _init
 .init          0x0000000008000ed0        0x8 C:/ST/STM32CubeIDE_1.4.0/STM32CubeIDE/plugins/com.st.stm32cube.ide.mcu.externaltools.gnu-tools-for-stm32.11.3.rel1.win32_1.1.100.202309141235/tools/bin/../lib/gcc/arm-none-eabi/11.3.1/thumb/v7-m/nofp/crtn.o
 *(.fini)
 .fini          0x0000000008000ed8        0x4 C:/ST/STM32CubeIDE_1.4.0/STM32CubeIDE/plugins/com.st.stm32cube.ide.mcu.externaltools.gnu-tools-for-stm32.11.3.rel1.win32_1.1.100.202309141235/tools/bin/../lib/gcc/arm-none-eabi/11.3.1/thumb/v7-m/nofp/crti.o
                0x0000000008000ed8                _fini
 .fini          0x0000000008000edc        0x8 C:/ST/STM32CubeIDE_1.4.0/STM32CubeIDE/plugins/com.st.stm32cube.ide.mcu.externaltools.gnu-tools-for-stm32.11.3.rel1.win32_1.1.100.202309141235/tools/bin/../lib/gcc/arm-none-eabi/11.3.1/thumb/v7-m/nofp/crtn.o
                0x0000000008000ee4                . = ALIGN (0x4)
                0x0000000008000ee4                _etext = .

.vfp11_veneer   0x0000000008000ee4        0x0
 .vfp11_veneer  0x0000000008000ee4        0x0 linker stubs

.v4_bx          0x0000000008000ee4        0x0
 .v4_bx         0x0000000008000ee4        0x0 linker stubs

.iplt           0x0000000008000ee4        0x0
 .iplt          0x0000000008000ee4        0x0 C:/ST/STM32CubeIDE_1.4.0/STM32CubeIDE/plugins/com.st.stm32cube.ide.mcu.externaltools.gnu-tools-for-stm32.11.3.rel1.win32_1.1.100.202309141235/tools/bin/../lib/gcc/arm-none-eabi/11.3.1/thumb/v7-m/nofp/crtbegin.o

.rodata         0x0000000008000ee4        0x8
                0x0000000008000ee4                . = ALIGN (0x4)
 *(.rodata)
 .rodata        0x0000000008000ee4        0x7 ./Src/main.o
 *(.rodata*)
                0x0000000008000eec                . = ALIGN (0x4)
 *fill*         0x0000000008000eeb        0x1 

.rel.dyn        0x0000000008000eec        0x0
 .rel.iplt      0x0000000008000eec        0x0 C:/ST/STM32CubeIDE_1.4.0/STM32CubeIDE/plugins/com.st.stm32cube.ide.mcu.externaltools.gnu-tools-for-stm32.11.3.rel1.win32_1.1.100.202309141235/tools/bin/../lib/gcc/arm-none-eabi/11.3.1/thumb/v7-m/nofp/crtbegin.o

.ARM.extab      0x0000000008000eec        0x0
                0x0000000008000eec                . = ALIGN (0x4)
 *(.ARM.extab* .gnu.linkonce.armextab.*)
                0x0000000008000eec                . = ALIGN (0x4)

.ARM            0x0000000008000eec        0x0
                0x0000000008000eec                . = ALIGN (0x4)
                0x0000000008000eec                __exidx_start = .
 *(.ARM.exidx*)
                0x0000000008000eec                __exidx_end = .
                0x0000000008000eec                . = ALIGN (0x4)

.preinit_array  0x0000000008000eec        0x0
                0x0000000008000eec                . = ALIGN (0x4)
                0x0000000008000eec                PROVIDE (__preinit_array_start = .)
 *(.preinit_array*)
                0x0000000008000eec                PROVIDE (__preinit_array_end = .)
                0x0000000008000eec                . = ALIGN (0x4)

.init_array     0x0000000008000eec        0x4
                0x0000000008000eec                . = ALIGN (0x4)
                0x0000000008000eec                PROVIDE (__init_array_start = .)
 *(SORT_BY_NAME(.init_array.*))
 *(.init_array*)
 .init_array    0x0000000008000eec        0x4 C:/ST/STM32CubeIDE_1.4.0/STM32CubeIDE/plugins/com.st.stm32cube.ide.mcu.externaltools.gnu-tools-for-stm32.11.3.rel1.win32_1.1.100.202309141235/tools/bin/../lib/gcc/arm-none-eabi/11.3.1/thumb/v7-m/nofp/crtbegin.o
                0x0000000008000ef0                PROVIDE (__init_array_end = .)
                0x0000000008000ef0                . = ALIGN (0x4)

.fini_array     0x0000000008000ef0        0x4
                0x0000000008000ef0                . = ALIGN (0x4)
                [!provide]                        PROVIDE (__fini_array_start = .)
 *(SORT_BY_NAME(.fini_array.*))
 *(.fini_array*)
 .fini_array    0x0000000008000ef0        0x4 C:/ST/STM32CubeIDE_1.4.0/STM32CubeIDE/plugins/com.st.stm32cube.ide.mcu.externaltools.gnu-tools-for-stm32.11.3.rel1.win32_1.1.100.202309141235/tools/bin/../lib/gcc/arm-none-eabi/11.3.1/thumb/v7-m/nofp/crtbegin.o
                [!provide]                        PROVIDE (__fini_array_end = .)
                0x0000000008000ef4                . = ALIGN (0x4)
                0x0000000008000ef4                _sidata = LOADADDR (.data)

.data           0x0000000020000000        0x0 load address 0x0000000008000ef4
                0x0000000020000000                . = ALIGN (0x4)
                0x0000000020000000                _sdata = .
 *(.data)
 *(.data*)
 *(.RamFunc)
 *(.RamFunc*)
                0x0000000020000000                . = ALIGN (0x4)
                0x0000000020000000                _edata = .

.igot.plt       0x0000000020000000        0x0 load address 0x0000000008000ef4
 .igot.plt      0x0000000020000000        0x0 C:/ST/STM32CubeIDE_1.4.0/STM32CubeIDE/plugins/com.st.stm32cube.ide.mcu.externaltools.gnu-tools-for-stm32.11.3.rel1.win32_1.1.100.202309141235/tools/bin/../lib/gcc/arm-none-eabi/11.3.1/thumb/v7-m/nofp/crtbegin.o
                0x0000000020000000                . = ALIGN (0x4)

.bss            0x0000000020000000       0x88 load address 0x0000000008000ef4
                0x0000000020000000                _sbss = .
                0x0000000020000000                __bss_start__ = _sbss
 *(.bss)
 .bss           0x0000000020000000       0x1c C:/ST/STM32CubeIDE_1.4.0/STM32CubeIDE/plugins/com.st.stm32cube.ide.mcu.externaltools.gnu-tools-for-stm32.11.3.rel1.win32_1.1.100.202309141235/tools/bin/../lib/gcc/arm-none-eabi/11.3.1/thumb/v7-m/nofp/crtbegin.o
 *(.bss*)
 .bss.GP_IRQ_CallBack
                0x000000002000001c       0x3c ./Inc/stm32f103c8_EXTI.o
                0x000000002000001c                GP_IRQ_CallBack
 .bss.Global_I2C_Config
                0x0000000020000058       0x30 ./Inc/stm32f103c8_I2C.o
                0x0000000020000058                Global_I2C_Config
 *(COMMON)
                0x0000000020000088                . = ALIGN (0x4)
                0x0000000020000088                _ebss = .
                0x0000000020000088                __bss_end__ = _ebss

._user_heap_stack
                0x0000000020000088      0x600 load address 0x0000000008000ef4
                0x0000000020000088                . = ALIGN (0x8)
                [!provide]                        PROVIDE (end = .)
                0x0000000020000088                PROVIDE (_end = .)
                0x0000000020000288                . = (. + _Min_Heap_Size)
 *fill*         0x0000000020000088      0x200 
                0x0000000020000688                . = (. + _Min_Stack_Size)
 *fill*         0x0000000020000288      0x400 
                0x0000000020000688                . = ALIGN (0x8)

/DISCARD/
 libc.a(*)
 libm.a(*)
 libgcc.a(*)

.ARM.attributes
                0x0000000000000000       0x29
 *(.ARM.attributes)
 .ARM.attributes
                0x0000000000000000       0x1d C:/ST/STM32CubeIDE_1.4.0/STM32CubeIDE/plugins/com.st.stm32cube.ide.mcu.externaltools.gnu-tools-for-stm32.11.3.rel1.win32_1.1.100.202309141235/tools/bin/../lib/gcc/arm-none-eabi/11.3.1/thumb/v7-m/nofp/crti.o
 .ARM.attributes
                0x000000000000001d       0x2d C:/ST/STM32CubeIDE_1.4.0/STM32CubeIDE/plugins/com.st.stm32cube.ide.mcu.externaltools.gnu-tools-for-stm32.11.3.rel1.win32_1.1.100.202309141235/tools/bin/../lib/gcc/arm-none-eabi/11.3.1/thumb/v7-m/nofp/crtbegin.o
 .ARM.attributes
                0x000000000000004a       0x2d ./HAL/I2C_Slave_EEPROM.o
 .ARM.attributes
                0x0000000000000077       0x2d ./Inc/stm32f103c8_EXTI.o
 .ARM.attributes
                0x00000000000000a4       0x2d ./Inc/stm32f103c8_GPIO.o
 .ARM.attributes
                0x00000000000000d1       0x2d ./Inc/stm32f103c8_I2C.o
 .ARM.attributes
                0x00000000000000fe       0x2d ./Src/main.o
 .ARM.attributes
                0x000000000000012b       0x21 ./Startup/startup_stm32f103c8tx.o
 .ARM.attributes
                0x000000000000014c       0x2d C:/ST/STM32CubeIDE_1.4.0/STM32CubeIDE/plugins/com.st.stm32cube.ide.mcu.externaltools.gnu-tools-for-stm32.11.3.rel1.win32_1.1.100.202309141235/tools/bin/../lib/gcc/arm-none-eabi/11.3.1/../../../../arm-none-eabi/lib/thumb/v7-m/nofp\libc_nano.a(libc_a-init.o)
 .ARM.attributes
                0x0000000000000179       0x1d C:/ST/STM32CubeIDE_1.4.0/STM32CubeIDE/plugins/com.st.stm32cube.ide.mcu.externaltools.gnu-tools-for-stm32.11.3.rel1.win32_1.1.100.202309141235/tools/bin/../lib/gcc/arm-none-eabi/11.3.1/thumb/v7-m/nofp/crtn.o
OUTPUT(Drivers.elf elf32-littlearm)
LOAD linker stubs
LOAD C:/ST/STM32CubeIDE_1.4.0/STM32CubeIDE/plugins/com.st.stm32cube.ide.mcu.externaltools.gnu-tools-for-stm32.11.3.rel1.win32_1.1.100.202309141235/tools/bin/../lib/gcc/arm-none-eabi/11.3.1/../../../../arm-none-eabi/lib/thumb/v7-m/nofp\libc.a
LOAD C:/ST/STM32CubeIDE_1.4.0/STM32CubeIDE/plugins/com.st.stm32cube.ide.mcu.externaltools.gnu-tools-for-stm32.11.3.rel1.win32_1.1.100.202309141235/tools/bin/../lib/gcc/arm-none-eabi/11.3.1/../../../../arm-none-eabi/lib/thumb/v7-m/nofp\libm.a
LOAD C:/ST/STM32CubeIDE_1.4.0/STM32CubeIDE/plugins/com.st.stm32cube.ide.mcu.externaltools.gnu-tools-for-stm32.11.3.rel1.win32_1.1.100.202309141235/tools/bin/../lib/gcc/arm-none-eabi/11.3.1/thumb/v7-m/nofp\libgcc.a

.comment        0x0000000000000000       0x43
 .comment       0x0000000000000000       0x43 C:/ST/STM32CubeIDE_1.4.0/STM32CubeIDE/plugins/com.st.stm32cube.ide.mcu.externaltools.gnu-tools-for-stm32.11.3.rel1.win32_1.1.100.202309141235/tools/bin/../lib/gcc/arm-none-eabi/11.3.1/thumb/v7-m/nofp/crtbegin.o
                                         0x44 (size before relaxing)
 .comment       0x0000000000000043       0x44 ./HAL/I2C_Slave_EEPROM.o
 .comment       0x0000000000000043       0x44 ./Inc/stm32f103c8_EXTI.o
 .comment       0x0000000000000043       0x44 ./Inc/stm32f103c8_GPIO.o
 .comment       0x0000000000000043       0x44 ./Inc/stm32f103c8_I2C.o
 .comment       0x0000000000000043       0x44 ./Src/main.o

.debug_info     0x0000000000000000     0x19d0
 .debug_info    0x0000000000000000      0x480 ./HAL/I2C_Slave_EEPROM.o
 .debug_info    0x0000000000000480      0x529 ./Inc/stm32f103c8_EXTI.o
 .debug_info    0x00000000000009a9      0x49b ./Inc/stm32f103c8_GPIO.o
 .debug_info    0x0000000000000e44      0x962 ./Inc/stm32f103c8_I2C.o
 .debug_info    0x00000000000017a6      0x208 ./Src/main.o
 .debug_info    0x00000000000019ae       0x22 ./Startup/startup_stm32f103c8tx.o

.debug_abbrev   0x0000000000000000      0x759
 .debug_abbrev  0x0000000000000000      0x14e ./HAL/I2C_Slave_EEPROM.o
 .debug_abbrev  0x000000000000014e      0x180 ./Inc/stm32f103c8_EXTI.o
 .debug_abbrev  0x00000000000002ce      0x16f ./Inc/stm32f103c8_GPIO.o
 .debug_abbrev  0x000000000000043d      0x21d ./Inc/stm32f103c8_I2C.o
 .debug_abbrev  0x000000000000065a       0xed ./Src/main.o
 .debug_abbrev  0x0000000000000747       0x12 ./Startup/startup_stm32f103c8tx.o

.debug_loc      0x0000000000000000      0xb8e
 .debug_loc     0x0000000000000000       0xf2 ./HAL/I2C_Slave_EEPROM.o
 .debug_loc     0x00000000000000f2      0x32c ./Inc/stm32f103c8_EXTI.o
 .debug_loc     0x000000000000041e      0x330 ./Inc/stm32f103c8_GPIO.o
 .debug_loc     0x000000000000074e      0x408 ./Inc/stm32f103c8_I2C.o
 .debug_loc     0x0000000000000b56       0x38 ./Src/main.o

.debug_aranges  0x0000000000000000      0x1d0
 .debug_aranges
                0x0000000000000000       0x30 ./HAL/I2C_Slave_EEPROM.o
 .debug_aranges
                0x0000000000000030       0x80 ./Inc/stm32f103c8_EXTI.o
 .debug_aranges
                0x00000000000000b0       0x60 ./Inc/stm32f103c8_GPIO.o
 .debug_aranges
                0x0000000000000110       0x78 ./Inc/stm32f103c8_I2C.o
 .debug_aranges
                0x0000000000000188       0x20 ./Src/main.o
 .debug_aranges
                0x00000000000001a8       0x28 ./Startup/startup_stm32f103c8tx.o

.debug_ranges   0x0000000000000000      0x178
 .debug_ranges  0x0000000000000000       0x20 ./HAL/I2C_Slave_EEPROM.o
 .debug_ranges  0x0000000000000020       0x70 ./Inc/stm32f103c8_EXTI.o
 .debug_ranges  0x0000000000000090       0x50 ./Inc/stm32f103c8_GPIO.o
 .debug_ranges  0x00000000000000e0       0x68 ./Inc/stm32f103c8_I2C.o
 .debug_ranges  0x0000000000000148       0x10 ./Src/main.o
 .debug_ranges  0x0000000000000158       0x20 ./Startup/startup_stm32f103c8tx.o

.debug_macro    0x0000000000000000     0x2979
 .debug_macro   0x0000000000000000      0x15c ./HAL/I2C_Slave_EEPROM.o
 .debug_macro   0x000000000000015c      0xaa2 ./HAL/I2C_Slave_EEPROM.o
 .debug_macro   0x0000000000000bfe       0x24 ./HAL/I2C_Slave_EEPROM.o
 .debug_macro   0x0000000000000c22       0x22 ./HAL/I2C_Slave_EEPROM.o
 .debug_macro   0x0000000000000c44       0x5b ./HAL/I2C_Slave_EEPROM.o
 .debug_macro   0x0000000000000c9f       0x94 ./HAL/I2C_Slave_EEPROM.o
 .debug_macro   0x0000000000000d33       0x43 ./HAL/I2C_Slave_EEPROM.o
 .debug_macro   0x0000000000000d76       0x34 ./HAL/I2C_Slave_EEPROM.o
 .debug_macro   0x0000000000000daa       0x16 ./HAL/I2C_Slave_EEPROM.o
 .debug_macro   0x0000000000000dc0      0x10e ./HAL/I2C_Slave_EEPROM.o
 .debug_macro   0x0000000000000ece       0x8d ./HAL/I2C_Slave_EEPROM.o
 .debug_macro   0x0000000000000f5b       0x16 ./HAL/I2C_Slave_EEPROM.o
 .debug_macro   0x0000000000000f71       0x43 ./HAL/I2C_Slave_EEPROM.o
 .debug_macro   0x0000000000000fb4       0x57 ./HAL/I2C_Slave_EEPROM.o
 .debug_macro   0x000000000000100b       0x34 ./HAL/I2C_Slave_EEPROM.o
 .debug_macro   0x000000000000103f       0x10 ./HAL/I2C_Slave_EEPROM.o
 .debug_macro   0x000000000000104f       0x58 ./HAL/I2C_Slave_EEPROM.o
 .debug_macro   0x00000000000010a7       0x8e ./HAL/I2C_Slave_EEPROM.o
 .debug_macro   0x0000000000001135       0x1c ./HAL/I2C_Slave_EEPROM.o
 .debug_macro   0x0000000000001151      0x177 ./HAL/I2C_Slave_EEPROM.o
 .debug_macro   0x00000000000012c8      0x369 ./HAL/I2C_Slave_EEPROM.o
 .debug_macro   0x0000000000001631       0x16 ./HAL/I2C_Slave_EEPROM.o
 .debug_macro   0x0000000000001647       0x29 ./HAL/I2C_Slave_EEPROM.o
 .debug_macro   0x0000000000001670      0x103 ./HAL/I2C_Slave_EEPROM.o
 .debug_macro   0x0000000000001773       0x6a ./HAL/I2C_Slave_EEPROM.o
 .debug_macro   0x00000000000017dd      0x1df ./HAL/I2C_Slave_EEPROM.o
 .debug_macro   0x00000000000019bc      0x5ba ./HAL/I2C_Slave_EEPROM.o
 .debug_macro   0x0000000000001f76       0x62 ./HAL/I2C_Slave_EEPROM.o
 .debug_macro   0x0000000000001fd8      0x15f ./Inc/stm32f103c8_EXTI.o
 .debug_macro   0x0000000000002137       0xd0 ./Inc/stm32f103c8_EXTI.o
 .debug_macro   0x0000000000002207      0x217 ./Inc/stm32f103c8_EXTI.o
 .debug_macro   0x000000000000241e      0x14c ./Inc/stm32f103c8_GPIO.o
 .debug_macro   0x000000000000256a       0xca ./Inc/stm32f103c8_GPIO.o
 .debug_macro   0x0000000000002634      0x161 ./Inc/stm32f103c8_I2C.o
 .debug_macro   0x0000000000002795      0x17c ./Src/main.o
 .debug_macro   0x0000000000002911       0x68 ./Src/main.o

.debug_line     0x0000000000000000     0x298e
 .debug_line    0x0000000000000000      0x6b3 ./HAL/I2C_Slave_EEPROM.o
 .debug_line    0x00000000000006b3      0x9ed ./Inc/stm32f103c8_EXTI.o
 .debug_line    0x00000000000010a0      0x81f ./Inc/stm32f103c8_GPIO.o
 .debug_line    0x00000000000018bf      0x9e7 ./Inc/stm32f103c8_I2C.o
 .debug_line    0x00000000000022a6      0x664 ./Src/main.o
 .debug_line    0x000000000000290a       0x84 ./Startup/startup_stm32f103c8tx.o

.debug_str      0x0000000000000000     0xacfb
 .debug_str     0x0000000000000000     0x90bb ./HAL/I2C_Slave_EEPROM.o
                                       0x92e7 (size before relaxing)
 .debug_str     0x00000000000090bb     0x18f1 ./Inc/stm32f103c8_EXTI.o
                                       0xa6ff (size before relaxing)
 .debug_str     0x000000000000a9ac      0x13e ./Inc/stm32f103c8_GPIO.o
                                       0x938b (size before relaxing)
 .debug_str     0x000000000000aaea      0x1cf ./Inc/stm32f103c8_I2C.o
                                       0x98c5 (size before relaxing)
 .debug_str     0x000000000000acb9       0x13 ./Src/main.o
                                       0xa6ec (size before relaxing)
 .debug_str     0x000000000000accc       0x2f ./Startup/startup_stm32f103c8tx.o
                                         0x61 (size before relaxing)

.debug_frame    0x0000000000000000      0x5e4
 .debug_frame   0x0000000000000000       0x80 ./HAL/I2C_Slave_EEPROM.o
 .debug_frame   0x0000000000000080      0x1b4 ./Inc/stm32f103c8_EXTI.o
 .debug_frame   0x0000000000000234      0x178 ./Inc/stm32f103c8_GPIO.o
 .debug_frame   0x00000000000003ac      0x1dc ./Inc/stm32f103c8_I2C.o
 .debug_frame   0x0000000000000588       0x30 ./Src/main.o
 .debug_frame   0x00000000000005b8       0x2c C:/ST/STM32CubeIDE_1.4.0/STM32CubeIDE/plugins/com.st.stm32cube.ide.mcu.externaltools.gnu-tools-for-stm32.11.3.rel1.win32_1.1.100.202309141235/tools/bin/../lib/gcc/arm-none-eabi/11.3.1/../../../../arm-none-eabi/lib/thumb/v7-m/nofp\libc_nano.a(libc_a-init.o)
