
Allocating common symbols
Common symbol       size              file

AAD_state           0x4               AlarmActuatorDriver.o
AM_state_id         0x1               AlarmMonitor.o
AAD_state_id        0x1               AlarmActuatorDriver.o
AM_state            0x4               AlarmMonitor.o
MA_state            0x4               mainAlgo.o
PS_state            0x4               PressureSensorDriver.o
MA_state_id         0x1               mainAlgo.o
PS_state_id         0x1               PressureSensorDriver.o

Memory Configuration

Name             Origin             Length             Attributes
flash            0x08000000         0x00020000         xr
sram             0x20000000         0x00005000         xrw
*default*        0x00000000         0xffffffff

Linker script and memory map


.text           0x08000000      0x4a4
 *(.vectors*)
 .vectors       0x08000000       0x1c startup.o
                0x08000000                vectors
 *(.text*)
 .text          0x0800001c       0x64 AlarmActuatorDriver.o
                0x0800001c                StartAlarm
                0x0800003c                StopAlarm
                0x0800005c                AAD_init
                0x08000068                ST_AAD_waiting
 .text          0x08000080       0x9c AlarmMonitor.o
                0x08000080                HighPressure_detected
                0x0800009c                ST_AM_alarmOFF
                0x080000b4                ST_AM_alarmON
                0x080000e0                ST_AM_waiting
 .text          0x0800011c      0x10c driver.o
                0x0800011c                Delay
                0x08000140                getPressureVal
                0x08000158                Set_Alarm_actuator
                0x080001a8                GPIO_INITIALIZATION
 .text          0x08000228       0x98 main.o
                0x08000228                setup
                0x08000284                main
 .text          0x080002c0       0x64 mainAlgo.o
                0x080002c0                set_pressure_val
                0x0800030c                ST_MA_HighPressureDetect
 .text          0x08000324       0xc4 PressureSensorDriver.o
                0x08000324                PS_init
                0x08000330                ST_PS_reading
                0x08000378                ST_PS_waiting
                0x080003b0                delay_ms
 .text          0x080003e8       0xbc startup.o
                0x080003e8                H_Fault_Handler
                0x080003e8                MM_fault_Handler
                0x080003e8                Bus_Handler
                0x080003e8                Default_Handler
                0x080003e8                Usage_Fault_Handler
                0x080003e8                NMI_Handler
                0x080003f4                Reset_Handler
 *(.rodata)
                0x080004a4                _E_text = .

.glue_7         0x080004a4        0x0
 .glue_7        0x00000000        0x0 linker stubs

.glue_7t        0x080004a4        0x0
 .glue_7t       0x00000000        0x0 linker stubs

.vfp11_veneer   0x080004a4        0x0
 .vfp11_veneer  0x00000000        0x0 linker stubs

.v4_bx          0x080004a4        0x0
 .v4_bx         0x00000000        0x0 linker stubs

.iplt           0x080004a4        0x0
 .iplt          0x00000000        0x0 AlarmActuatorDriver.o

.rel.dyn        0x080004a4        0x0
 .rel.iplt      0x00000000        0x0 AlarmActuatorDriver.o

.data           0x20000000       0x10 load address 0x080004a4
                0x20000000                _S_DATA = .
 *(.data)
 .data          0x20000000        0x0 AlarmActuatorDriver.o
 .data          0x20000000        0x8 AlarmMonitor.o
                0x20000000                AM_Alarm_timer
                0x20000004                AM_Alarm_period
 .data          0x20000008        0x0 driver.o
 .data          0x20000008        0x0 main.o
 .data          0x20000008        0x4 mainAlgo.o
                0x20000008                MA_threshold
 .data          0x2000000c        0x4 PressureSensorDriver.o
                0x2000000c                Psensor_pull_time
 .data          0x20000010        0x0 startup.o
                0x20000010                . = ALIGN (0x4)
                0x20000010                _E_DATA = .

.igot.plt       0x20000010        0x0 load address 0x080004b4
 .igot.plt      0x00000000        0x0 AlarmActuatorDriver.o

.bss            0x20000010      0x40d load address 0x080004b4
                0x20000010                _S_bss = .
 *(.bss)
 .bss           0x20000010        0x0 AlarmActuatorDriver.o
 .bss           0x20000010        0x0 AlarmMonitor.o
 .bss           0x20000010        0x0 driver.o
 .bss           0x20000010        0x0 main.o
 .bss           0x20000010        0x4 mainAlgo.o
                0x20000010                MA_Pval
 .bss           0x20000014        0x4 PressureSensorDriver.o
                0x20000014                Pval
 .bss           0x20000018        0x0 startup.o
                0x20000018                _E_bss = .
                0x20000018                . = ALIGN (0x4)
                0x20000400                . = (. + 0x3e8)
 *fill*         0x20000018      0x3e8 
                0x20000400                _stack_top = .
 COMMON         0x20000400        0x5 AlarmActuatorDriver.o
                0x20000400                AAD_state
                0x20000404                AAD_state_id
 *fill*         0x20000405        0x3 
 COMMON         0x20000408        0x8 AlarmMonitor.o
                0x20000408                AM_state_id
                0x2000040c                AM_state
 COMMON         0x20000410        0x5 mainAlgo.o
                0x20000410                MA_state
                0x20000414                MA_state_id
 *fill*         0x20000415        0x3 
 COMMON         0x20000418        0x5 PressureSensorDriver.o
                0x20000418                PS_state
                0x2000041c                PS_state_id
LOAD AlarmActuatorDriver.o
LOAD AlarmMonitor.o
LOAD driver.o
LOAD main.o
LOAD mainAlgo.o
LOAD PressureSensorDriver.o
LOAD startup.o
OUTPUT(Pressure_Detection.elf elf32-littlearm)

.debug_info     0x00000000      0x830
 .debug_info    0x00000000      0x10e AlarmActuatorDriver.o
 .debug_info    0x0000010e      0x13e AlarmMonitor.o
 .debug_info    0x0000024c      0x103 driver.o
 .debug_info    0x0000034f       0xe9 main.o
 .debug_info    0x00000438      0x11c mainAlgo.o
 .debug_info    0x00000554      0x166 PressureSensorDriver.o
 .debug_info    0x000006ba      0x176 startup.o

.debug_abbrev   0x00000000      0x493
 .debug_abbrev  0x00000000       0x92 AlarmActuatorDriver.o
 .debug_abbrev  0x00000092       0x92 AlarmMonitor.o
 .debug_abbrev  0x00000124       0x9d driver.o
 .debug_abbrev  0x000001c1       0x7e main.o
 .debug_abbrev  0x0000023f       0xa5 mainAlgo.o
 .debug_abbrev  0x000002e4       0xd9 PressureSensorDriver.o
 .debug_abbrev  0x000003bd       0xd6 startup.o

.debug_loc      0x00000000      0x404
 .debug_loc     0x00000000       0xb0 AlarmActuatorDriver.o
 .debug_loc     0x000000b0       0xb0 AlarmMonitor.o
 .debug_loc     0x00000160       0xc8 driver.o
 .debug_loc     0x00000228       0x58 main.o
 .debug_loc     0x00000280       0x64 mainAlgo.o
 .debug_loc     0x000002e4       0xbc PressureSensorDriver.o
 .debug_loc     0x000003a0       0x64 startup.o

.debug_aranges  0x00000000       0xe0
 .debug_aranges
                0x00000000       0x20 AlarmActuatorDriver.o
 .debug_aranges
                0x00000020       0x20 AlarmMonitor.o
 .debug_aranges
                0x00000040       0x20 driver.o
 .debug_aranges
                0x00000060       0x20 main.o
 .debug_aranges
                0x00000080       0x20 mainAlgo.o
 .debug_aranges
                0x000000a0       0x20 PressureSensorDriver.o
 .debug_aranges
                0x000000c0       0x20 startup.o

.debug_line     0x00000000      0x33c
 .debug_line    0x00000000       0x51 AlarmActuatorDriver.o
 .debug_line    0x00000051       0x4e AlarmMonitor.o
 .debug_line    0x0000009f       0x9c driver.o
 .debug_line    0x0000013b       0xac main.o
 .debug_line    0x000001e7       0x42 mainAlgo.o
 .debug_line    0x00000229       0x62 PressureSensorDriver.o
 .debug_line    0x0000028b       0xb1 startup.o

.debug_str      0x00000000      0x33d
 .debug_str     0x00000000       0xf0 AlarmActuatorDriver.o
                                0x135 (size before relaxing)
 .debug_str     0x000000f0       0x84 AlarmMonitor.o
                                0x175 (size before relaxing)
 .debug_str     0x00000174       0x55 driver.o
                                0x124 (size before relaxing)
 .debug_str     0x000001c9       0x24 main.o
                                0x106 (size before relaxing)
 .debug_str     0x000001ed       0x56 mainAlgo.o
                                0x149 (size before relaxing)
 .debug_str     0x00000243       0x7a PressureSensorDriver.o
                                0x16d (size before relaxing)
 .debug_str     0x000002bd       0x80 startup.o
                                0x158 (size before relaxing)

.comment        0x00000000       0x11
 .comment       0x00000000       0x11 AlarmActuatorDriver.o
                                 0x12 (size before relaxing)
 .comment       0x00000000       0x12 AlarmMonitor.o
 .comment       0x00000000       0x12 driver.o
 .comment       0x00000000       0x12 main.o
 .comment       0x00000000       0x12 mainAlgo.o
 .comment       0x00000000       0x12 PressureSensorDriver.o
 .comment       0x00000000       0x12 startup.o

.ARM.attributes
                0x00000000       0x33
 .ARM.attributes
                0x00000000       0x33 AlarmActuatorDriver.o
 .ARM.attributes
                0x00000033       0x33 AlarmMonitor.o
 .ARM.attributes
                0x00000066       0x33 driver.o
 .ARM.attributes
                0x00000099       0x33 main.o
 .ARM.attributes
                0x000000cc       0x33 mainAlgo.o
 .ARM.attributes
                0x000000ff       0x33 PressureSensorDriver.o
 .ARM.attributes
                0x00000132       0x33 startup.o

.debug_frame    0x00000000      0x2c0
 .debug_frame   0x00000000       0x78 AlarmActuatorDriver.o
 .debug_frame   0x00000078       0x78 AlarmMonitor.o
 .debug_frame   0x000000f0       0x78 driver.o
 .debug_frame   0x00000168       0x48 main.o
 .debug_frame   0x000001b0       0x48 mainAlgo.o
 .debug_frame   0x000001f8       0x7c PressureSensorDriver.o
 .debug_frame   0x00000274       0x4c startup.o
