
Allocating common symbols
Common symbol       size              file

b_var               0x3               main.o

Memory Configuration

Name             Origin             Length             Attributes
flash            0x08000000         0x00020000         xr
sram             0x20000000         0x00005000         xrw
*default*        0x00000000         0xffffffff

Linker script and memory map


.text           0x08000000      0x194
 *(.vectors*)
 .vectors       0x08000000       0x1c startup.o
                0x08000000                vectors
 *(.text*)
 .text          0x0800001c       0xbc main.o
                0x0800001c                main
 .text          0x080000d8       0xbc startup.o
                0x080000d8                H_Fault_Handler
                0x080000d8                MM_fault_Handler
                0x080000d8                Bus_Handler
                0x080000d8                Default_Handler
                0x080000d8                Usage_Fault_Handler
                0x080000d8                NMI_Handler
                0x080000e4                Reset_Handler
 *(.rodata)
                0x08000194                _E_text = .

.glue_7         0x08000194        0x0
 .glue_7        0x00000000        0x0 linker stubs

.glue_7t        0x08000194        0x0
 .glue_7t       0x00000000        0x0 linker stubs

.vfp11_veneer   0x08000194        0x0
 .vfp11_veneer  0x00000000        0x0 linker stubs

.v4_bx          0x08000194        0x0
 .v4_bx         0x00000000        0x0 linker stubs

.iplt           0x08000194        0x0
 .iplt          0x00000000        0x0 main.o

.rel.dyn        0x08000194        0x0
 .rel.iplt      0x00000000        0x0 main.o

.data           0x20000000        0x8 load address 0x08000194
                0x20000000                _S_DATA = .
 *(.data)
 .data          0x20000000        0x8 main.o
                0x20000000                g_var
                0x20000004                cons_var
 .data          0x20000008        0x0 startup.o
                0x20000008                . = ALIGN (0x4)
                0x20000008                _E_DATA = .

.igot.plt       0x20000008        0x0 load address 0x0800019c
 .igot.plt      0x00000000        0x0 main.o

.bss            0x20000008      0x3eb load address 0x0800019c
                0x20000008                _S_bss = .
 *(.bss)
 .bss           0x20000008        0x0 main.o
 .bss           0x20000008        0x0 startup.o
                0x20000008                _E_bss = .
                0x20000008                . = ALIGN (0x4)
                0x200003f0                . = (. + 0x3e8)
 *fill*         0x20000008      0x3e8 
                0x200003f0                _stack_top = .
 COMMON         0x200003f0        0x3 main.o
                0x200003f0                b_var
LOAD main.o
LOAD startup.o
OUTPUT(learn_in_depth_cortex_m3.elf elf32-littlearm)

.debug_info     0x00000000      0x2f7
 .debug_info    0x00000000      0x181 main.o
 .debug_info    0x00000181      0x176 startup.o

.debug_abbrev   0x00000000      0x1bb
 .debug_abbrev  0x00000000       0xe5 main.o
 .debug_abbrev  0x000000e5       0xd6 startup.o

.debug_loc      0x00000000       0x9c
 .debug_loc     0x00000000       0x38 main.o
 .debug_loc     0x00000038       0x64 startup.o

.debug_aranges  0x00000000       0x40
 .debug_aranges
                0x00000000       0x20 main.o
 .debug_aranges
                0x00000020       0x20 startup.o

.debug_line     0x00000000      0x152
 .debug_line    0x00000000       0xa1 main.o
 .debug_line    0x000000a1       0xb1 startup.o

.debug_str      0x00000000      0x158
 .debug_str     0x00000000       0xd8 main.o
                                0x11a (size before relaxing)
 .debug_str     0x000000d8       0x80 startup.o
                                0x150 (size before relaxing)

.comment        0x00000000       0x11
 .comment       0x00000000       0x11 main.o
                                 0x12 (size before relaxing)
 .comment       0x00000000       0x12 startup.o

.ARM.attributes
                0x00000000       0x33
 .ARM.attributes
                0x00000000       0x33 main.o
 .ARM.attributes
                0x00000033       0x33 startup.o

.debug_frame    0x00000000       0x7c
 .debug_frame   0x00000000       0x30 main.o
 .debug_frame   0x00000030       0x4c startup.o
