
Memory Configuration

Name             Origin             Length             Attributes
flash            0x08000000         0x00020000         xr
sram             0x20000000         0x00005000         xrw
*default*        0x00000000         0xffffffff

Linker script and memory map


.text           0x08000000      0x13c
 *(.vectors*)
 .vectors       0x08000000       0x1c startup.o
                0x08000000                vectors
 *(.text*)
 .text          0x0800001c       0x88 main.o
                0x0800001c                main
 .text          0x080000a4       0x94 startup.o
                0x080000a4                H_Fault_Handler
                0x080000a4                MM_Fault_Handler
                0x080000a4                Bus_Handler
                0x080000a4                Default_Handler
                0x080000a4                Usage_Fault_Handler
                0x080000a4                NMI_Handler
                0x080000b0                Reset_Handler
 *(.rodata)
 .rodata        0x08000138        0x4 main.o
                0x08000138                cons_var
                0x0800013c                _E_text = .

.glue_7         0x0800013c        0x0
 .glue_7        0x00000000        0x0 linker stubs

.glue_7t        0x0800013c        0x0
 .glue_7t       0x00000000        0x0 linker stubs

.vfp11_veneer   0x0800013c        0x0
 .vfp11_veneer  0x00000000        0x0 linker stubs

.v4_bx          0x0800013c        0x0
 .v4_bx         0x00000000        0x0 linker stubs

.iplt           0x0800013c        0x0
 .iplt          0x00000000        0x0 main.o

.rel.dyn        0x0800013c        0x0
 .rel.iplt      0x00000000        0x0 main.o

.data           0x20000000        0x4 load address 0x0800013c
                0x20000000                _S_DATA = .
 *(.data)
 .data          0x20000000        0x4 main.o
                0x20000000                g_var
 .data          0x20000004        0x0 startup.o
                0x20000004                . = ALIGN (0x4)
                0x20000004                _E_DATA = .

.igot.plt       0x20000004        0x0 load address 0x08000140
 .igot.plt      0x00000000        0x0 main.o

.bss            0x20000004      0x3e8 load address 0x08000140
                0x20000004                _S_bss = .
 *(.bss)
 .bss           0x20000004        0x0 main.o
 .bss           0x20000004        0x0 startup.o
                0x20000004                . = ALIGN (0x4)
                0x20000004                _E_bss = .
                0x200003ec                . = (. + 0x3e8)
 *fill*         0x20000004      0x3e8 
                0x200003ec                _stack_top = .
LOAD main.o
LOAD startup.o
OUTPUT(learn-in-depth-cortex-M3.elf elf32-littlearm)

.debug_info     0x00000000      0x2c8
 .debug_info    0x00000000      0x147 main.o
 .debug_info    0x00000147      0x181 startup.o

.debug_abbrev   0x00000000      0x1b2
 .debug_abbrev  0x00000000       0xdc main.o
 .debug_abbrev  0x000000dc       0xd6 startup.o

.debug_loc      0x00000000       0x9c
 .debug_loc     0x00000000       0x38 main.o
 .debug_loc     0x00000038       0x64 startup.o

.debug_aranges  0x00000000       0x40
 .debug_aranges
                0x00000000       0x20 main.o
 .debug_aranges
                0x00000020       0x20 startup.o

.debug_line     0x00000000      0x14e
 .debug_line    0x00000000       0x9f main.o
 .debug_line    0x0000009f       0xaf startup.o

.debug_str      0x00000000      0x162
 .debug_str     0x00000000       0xda main.o
                                0x117 (size before relaxing)
 .debug_str     0x000000da       0x88 startup.o
                                0x160 (size before relaxing)

.comment        0x00000000       0x11
 .comment       0x00000000       0x11 main.o
                                 0x12 (size before relaxing)
 .comment       0x00000000       0x12 startup.o

.ARM.attributes
                0x00000000       0x32
 .ARM.attributes
                0x00000000       0x32 main.o
 .ARM.attributes
                0x00000032       0x32 startup.o

.debug_frame    0x00000000       0x7c
 .debug_frame   0x00000000       0x30 main.o
 .debug_frame   0x00000030       0x4c startup.o
