../Inc/stm32f103c8_EXTI.c:18:6:Enable_NVIC	16	static
../Inc/stm32f103c8_EXTI.c:55:6:Disable_NVIC	16	static
../Inc/stm32f103c8_EXTI.c:92:6:Update_EXTI	24	static
../Inc/stm32f103c8_EXTI.c:155:6:MCAL_EXTI_GPIO_DeInit	4	static
../Inc/stm32f103c8_EXTI.c:184:6:MCAL_EXTI_GPIO_Init	16	static
../Inc/stm32f103c8_EXTI.c:199:6:MCAL_EXTI_GPIO_Update	16	static
../Inc/stm32f103c8_EXTI.c:209:6:EXTI0_IRQHandler	8	static
../Inc/stm32f103c8_EXTI.c:214:6:EXTI1_IRQHandler	8	static
../Inc/stm32f103c8_EXTI.c:219:6:EXTI2_IRQHandler	8	static
../Inc/stm32f103c8_EXTI.c:224:6:EXTI3_IRQHandler	8	static
../Inc/stm32f103c8_EXTI.c:229:6:EXTI4_IRQHandler	8	static
../Inc/stm32f103c8_EXTI.c:234:6:EXTI9_5_IRQHandler	8	static
../Inc/stm32f103c8_EXTI.c:246:6:EXTI15_10_IRQHandler	8	static
